// Jest Snapshot v1, https://goo.gl/fbAQLP

exports[`Reset filters snap Reset filters 1`] = `
<Provider
  store={
    Object {
      "dispatch": [Function],
      "getState": [Function],
      "replaceReducer": [Function],
      "subscribe": [Function],
      Symbol(observable): [Function],
    }
  }
>
  <ResetFilters>
    <button
      className="btn btn-light col-12 mt-3 reset-filters"
      onClick={[Function]}
    >
      Сбросить фильтры
    </button>
  </ResetFilters>
</Provider>
`;
